// Jest Snapshot v1, https://goo.gl/fbAQLP

exports[`Tuner renders correctly 1`] = `
<DocumentFragment>
  <div
    class="tuner__container"
  >
    <div
      class="tuner__title"
    >
      <div>
        STEREO TUNER
      </div>
      <div>
        <form
          class="tuner__search-form"
        >
          <input
            class="search-form__input"
            placeholder="Search station names..."
            type="text"
            value=""
          />
          <button
            class="search-form__button"
            type="submit"
          >
            Go
          </button>
        </form>
      </div>
    </div>
    <div
      class="tuner__main"
    >
      <div
        class="tuner-filter__container"
      >
        <div
          class="tuner-filter__item"
          id="Pop"
        >
          <button
            class="filter__button"
            type="button"
          >
            <div
              class="filter__button-top"
            >
              POP
            </div>
            <div
              class="filter__button-bottom"
            />
            <div
              class="filter__button-base"
            />
          </button>
        </div>
        <div
          class="tuner-filter__item"
          id="Rock"
        >
          <button
            class="filter__button"
            type="button"
          >
            <div
              class="filter__button-top"
            >
              ROCK
            </div>
            <div
              class="filter__button-bottom"
            />
            <div
              class="filter__button-base"
            />
          </button>
        </div>
        <div
          class="tuner-filter__item"
          id="Metal"
        >
          <button
            class="filter__button"
            type="button"
          >
            <div
              class="filter__button-top"
            >
              METAL
            </div>
            <div
              class="filter__button-bottom"
            />
            <div
              class="filter__button-base"
            />
          </button>
        </div>
        <div
          class="tuner-filter__item"
          id="Dance"
        >
          <button
            class="filter__button"
            type="button"
          >
            <div
              class="filter__button-top"
            >
              DANCE
            </div>
            <div
              class="filter__button-bottom"
            />
            <div
              class="filter__button-base"
            />
          </button>
        </div>
        <div
          class="tuner-filter__item"
          id="Jazz"
        >
          <button
            class="filter__button"
            type="button"
          >
            <div
              class="filter__button-top"
            >
              JAZZ
            </div>
            <div
              class="filter__button-bottom"
            />
            <div
              class="filter__button-base"
            />
          </button>
        </div>
        <div
          class="tuner-filter__item"
          id="Electro"
        >
          <button
            class="filter__button"
            type="button"
          >
            <div
              class="filter__button-top"
            >
              ELECTRO
            </div>
            <div
              class="filter__button-bottom"
            />
            <div
              class="filter__button-base"
            />
          </button>
        </div>
        <div
          class="tuner-filter__item"
          id="Blues"
        >
          <button
            class="filter__button"
            type="button"
          >
            <div
              class="filter__button-top"
            >
              BLUES
            </div>
            <div
              class="filter__button-bottom"
            />
            <div
              class="filter__button-base"
            />
          </button>
        </div>
        <div
          class="tuner-filter__item"
          id="Funk"
        >
          <button
            class="filter__button"
            type="button"
          >
            <div
              class="filter__button-top"
            >
              FUNK
            </div>
            <div
              class="filter__button-bottom"
            />
            <div
              class="filter__button-base"
            />
          </button>
        </div>
        <div
          class="tuner-filter__item"
          id="Alternative"
        >
          <button
            class="filter__button"
            type="button"
          >
            <div
              class="filter__button-top"
            >
              ALTERNATIVE
            </div>
            <div
              class="filter__button-bottom"
            />
            <div
              class="filter__button-base"
            />
          </button>
        </div>
        <div
          class="tuner-filter__item"
          id="Classical"
        >
          <button
            class="filter__button"
            type="button"
          >
            <div
              class="filter__button-top"
            >
              CLASSICAL
            </div>
            <div
              class="filter__button-bottom"
            />
            <div
              class="filter__button-base"
            />
          </button>
        </div>
      </div>
      <div
        class="tuner-carousel"
      >
        <div
          class="react-multi-carousel-list  "
          dir="ltr"
        >
          <ul
            class="react-multi-carousel-track "
            style="transition: none; overflow: unset; transform: translate3d(0px,0,0);"
          />
        </div>
      </div>
    </div>
  </div>
</DocumentFragment>
`;
